// Jest Snapshot v1, https://goo.gl/fbAQLP

exports[`should render an event summary card 1`] = `
<div
  className="col-md-4"
>
  <div
    className="card mb-4 event-card"
    style={
      Object {
        "maxWidth": "22rem",
      }
    }
  >
    <div
      className="ripple ripple-surface bg-image hover-overlay"
      onClick={[Function]}
    >
      <img
        alt="..."
        className="img-fluid"
        src="event.png"
      />
      <a
        href="/events/1"
      >
        <div
          className="mask"
          style={
            Object {
              "backgroundColor": "rgba(251, 251, 251, 0.15)",
            }
          }
        />
      </a>
    </div>
    <div
      className="card-body"
    >
      <a
        className="card-link event-card-link"
        href="/events/1"
        style={
          Object {
            "color": "black",
            "textDecoration": "none",
          }
        }
      >
        <h5
          className="card-title"
        >
          My Test Event
        </h5>
      </a>
      <p
        className="card-text"
      >
        <span
          className="event-datetime"
        >
           
          Thu, Sep 10, 2020 10:00 AM 
        </span>
      </p>
      <p
        className="card-text"
      >
        <span
          className="event-location"
        />
      </p>
      <a
        className="ripple ripple-surface btn btn-primary"
        href="/events/1"
        onClick={[Function]}
        role="button"
      >
        View Event
      </a>
    </div>
  </div>
</div>
`;
